// Jest Snapshot v1, https://goo.gl/fbAQLP

exports[`CalendarView.vue snapshot check 1`] = `
<div
  class="calendar__view"
>
  <weekly-stub />
</div>
`;
